#debug 2022-12-6 15:27:35[mod_guild:48] init: loading guild....

#debug 2022-12-6 15:27:35[lib_guild:229] load_all_guild: [0] guild loaded

#debug 2022-12-6 15:27:35[mod_pet:37] init: loading base_pet....

#debug 2022-12-6 15:27:35[lib_pet:64] load_base_pet: SQL=[select goods_id, goods_name, name, probability from base_pet]

#debug 2022-12-6 15:27:35[lib_pet:67] load_base_pet: [20] base_pet loaded

#info 2022-12-6 15:27:35[timer_frame:35] Starting [timer_frame]...

#debug 2022-12-6 15:34:44[mod_guild:48] init: loading guild....

#debug 2022-12-6 15:34:44[lib_guild:229] load_all_guild: [0] guild loaded

#debug 2022-12-6 15:34:44[mod_pet:37] init: loading base_pet....

#debug 2022-12-6 15:34:44[lib_pet:64] load_base_pet: SQL=[select goods_id, goods_name, name, probability from base_pet]

#debug 2022-12-6 15:34:44[lib_pet:67] load_base_pet: [20] base_pet loaded

#info 2022-12-6 15:34:44[timer_frame:35] Starting [timer_frame]...

#debug 2022-12-6 15:36:13[mod_guild:48] init: loading guild....

#debug 2022-12-6 15:36:13[lib_guild:229] load_all_guild: [0] guild loaded

#debug 2022-12-6 15:36:13[mod_pet:37] init: loading base_pet....

#debug 2022-12-6 15:36:13[lib_pet:64] load_base_pet: SQL=[select goods_id, goods_name, name, probability from base_pet]

#debug 2022-12-6 15:36:13[lib_pet:67] load_base_pet: [20] base_pet loaded

#info 2022-12-6 15:36:13[timer_frame:35] Starting [timer_frame]...

#debug 2022-12-6 16:44:42[mod_guild:48] init: loading guild....

#debug 2022-12-6 16:44:42[lib_guild:229] load_all_guild: [0] guild loaded

#debug 2022-12-6 16:44:42[mod_pet:37] init: loading base_pet....

#debug 2022-12-6 16:44:42[lib_pet:64] load_base_pet: SQL=[select goods_id, goods_name, name, probability from base_pet]

#debug 2022-12-6 16:44:42[lib_pet:67] load_base_pet: [20] base_pet loaded

#info 2022-12-6 16:44:42[timer_frame:35] Starting [timer_frame]...

#debug 2022-12-7 22:43:15[mod_guild:48] init: loading guild....

#debug 2022-12-7 22:43:15[lib_guild:229] load_all_guild: [0] guild loaded

#debug 2022-12-7 22:43:15[mod_pet:37] init: loading base_pet....

#debug 2022-12-7 22:43:15[lib_pet:64] load_base_pet: SQL=[select goods_id, goods_name, name, probability from base_pet]

#debug 2022-12-7 22:43:15[lib_pet:67] load_base_pet: [20] base_pet loaded

#info 2022-12-7 22:43:15[timer_frame:35] Starting [timer_frame]...

#debug 2022-12-7 23:24:58[mod_guild:48] init: loading guild....

#debug 2022-12-7 23:24:58[lib_guild:229] load_all_guild: [0] guild loaded

#debug 2022-12-7 23:24:58[mod_pet:37] init: loading base_pet....

#debug 2022-12-7 23:24:58[lib_pet:64] load_base_pet: SQL=[select goods_id, goods_name, name, probability from base_pet]

#debug 2022-12-7 23:24:58[lib_pet:67] load_base_pet: [20] base_pet loaded

#info 2022-12-7 23:24:58[timer_frame:35] Starting [timer_frame]...

#debug 2022-12-8 10:30:15[mod_guild:48] init: loading guild....

#debug 2022-12-8 10:30:15[lib_guild:229] load_all_guild: [0] guild loaded

#debug 2022-12-8 10:30:15[mod_pet:37] init: loading base_pet....

#debug 2022-12-8 10:30:15[lib_pet:64] load_base_pet: SQL=[select goods_id, goods_name, name, probability from base_pet]

#debug 2022-12-8 10:30:15[lib_pet:67] load_base_pet: [20] base_pet loaded

#info 2022-12-8 10:30:15[timer_frame:35] Starting [timer_frame]...

